// Jest Snapshot v1, https://goo.gl/fbAQLP

exports[`attachEvent should combine streams and objects 1`] = `"[{\\"0\\":\\"f\\",\\"1\\":\\"o\\",\\"2\\":\\"o\\",\\"3\\":\\"S\\",\\"4\\":\\"u\\",\\"5\\":\\"b\\",\\"6\\":\\"j\\",\\"7\\":\\"3\\",\\"12\\":22,\\"foo\\":\\"bar\\",\\"arr\\":[1,2,3],\\"biz\\":\\"baz\\"},{\\"0\\":\\"b\\",\\"1\\":\\"a\\",\\"2\\":\\"r\\",\\"3\\":\\"S\\",\\"4\\":\\"u\\",\\"5\\":\\"b\\",\\"6\\":\\"j\\",\\"7\\":\\"3\\",\\"12\\":22,\\"foo\\":\\"bar\\",\\"arr\\":[1,2,3],\\"biz\\":\\"baz\\"}]"`;
